<?xml version="1.0" encoding="UTF-8"?>
<testsuites tests="140" failures="0" errors="0" time="91.095139">
  <testsuite name="github.com/dgraph-io/dgraph/v25/dgraph/cmd/alpha" tests="140" failures="0" time="91.095" timestamp="2026-05-25T12:15:00+05:30">
    <testcase classname="github.com/dgraph-io/dgraph/v25/dgraph/cmd/alpha" name="TestMutation4Error" time="0"></testcase>
    <testcase classname="github.com/dgraph-io/dgraph/v25/dgraph/cmd/alpha" name="TestTransactionBasic" time="3.11"></testcase>
    <testcase classname="github.com/dgraph-io/dgraph/v25/dgraph/cmd/alpha" name="TestTransactionBasicNoPreds" time="0.1"></testcase>
    <testcase classname="github.com/dgraph-io/dgraph/v25/dgraph/cmd/alpha" name="TestTransactionForCost" time="0.08"></testcase>
    <testcase classname="github.com/dgraph-io/dgraph/v25/dgraph/cmd/alpha" name="TestTransactionBasicOldCommitFormat" time="0.09"></testcase>
    <testcase classname="github.com/dgraph-io/dgraph/v25/dgraph/cmd/alpha" name="TestAlterAllFieldsShouldBeSet" time="0"></testcase>
    <testcase classname="github.com/dgraph-io/dgraph/v25/dgraph/cmd/alpha" name="TestAlterSanity" time="0.2"></testcase>
    <testcase classname="github.com/dgraph-io/dgraph/v25/dgraph/cmd/alpha" name="TestHttpCompressionSupport" time="2.15"></testcase>
    <testcase classname="github.com/dgraph-io/dgraph/v25/dgraph/cmd/alpha" name="TestDebugSupport" time="0.12"></testcase>
    <testcase classname="github.com/dgraph-io/dgraph/v25/dgraph/cmd/alpha" name="TestHealth" time="0"></testcase>
    <testcase classname="github.com/dgraph-io/dgraph/v25/dgraph/cmd/alpha" name="TestCmdlineEndpointsNotExposed" time="0.02"></testcase>
    <testcase classname="github.com/dgraph-io/dgraph/v25/dgraph/cmd/alpha" name="TestDrainingMode" time="0.07"></testcase>
    <testcase classname="github.com/dgraph-io/dgraph/v25/dgraph/cmd/alpha" name="TestOptionsForUiKeywords" time="0"></testcase>
    <testcase classname="github.com/dgraph-io/dgraph/v25/dgraph/cmd/alpha" name="TestNonExistentPath" time="0"></testcase>
    <testcase classname="github.com/dgraph-io/dgraph/v25/dgraph/cmd/alpha" name="TestUrl" time="0"></testcase>
    <testcase classname="github.com/dgraph-io/dgraph/v25/dgraph/cmd/alpha" name="TestContentTypeCharset" time="0"></testcase>
    <testcase classname="github.com/dgraph-io/dgraph/v25/dgraph/cmd/alpha" name="TestQueryBackwardCompatibleWithGraphqlPlusMinusHeader" time="0.09"></testcase>
    <testcase classname="github.com/dgraph-io/dgraph/v25/dgraph/cmd/alpha" name="TestQueryRdfData" time="0.17"></testcase>
    <testcase classname="github.com/dgraph-io/dgraph/v25/dgraph/cmd/alpha" name="TestMetricTxnCommits" time="0.02"></testcase>
    <testcase classname="github.com/dgraph-io/dgraph/v25/dgraph/cmd/alpha" name="TestMetricTxnDiscards" time="0.02"></testcase>
    <testcase classname="github.com/dgraph-io/dgraph/v25/dgraph/cmd/alpha" name="TestMetricTxnAborts" time="0.02"></testcase>
    <testcase classname="github.com/dgraph-io/dgraph/v25/dgraph/cmd/alpha" name="TestMetrics" time="0.01"></testcase>
    <testcase classname="github.com/dgraph-io/dgraph/v25/dgraph/cmd/alpha" name="TestReindexTerm" time="2.08"></testcase>
    <testcase classname="github.com/dgraph-io/dgraph/v25/dgraph/cmd/alpha" name="TestReindexLang" time="2.1"></testcase>
    <testcase classname="github.com/dgraph-io/dgraph/v25/dgraph/cmd/alpha" name="TestReindexReverseCount" time="2.11"></testcase>
    <testcase classname="github.com/dgraph-io/dgraph/v25/dgraph/cmd/alpha" name="TestBgIndexSchemaReverse" time="1.11"></testcase>
    <testcase classname="github.com/dgraph-io/dgraph/v25/dgraph/cmd/alpha" name="TestBgIndexSchemaTokenizers" time="1.11"></testcase>
    <testcase classname="github.com/dgraph-io/dgraph/v25/dgraph/cmd/alpha" name="TestBgIndexSchemaCount" time="1.11"></testcase>
    <testcase classname="github.com/dgraph-io/dgraph/v25/dgraph/cmd/alpha" name="TestBgIndexSchemaReverseAndCount" time="1.11"></testcase>
    <testcase classname="github.com/dgraph-io/dgraph/v25/dgraph/cmd/alpha" name="TestDeletePredicate" time="1.15"></testcase>
    <testcase classname="github.com/dgraph-io/dgraph/v25/dgraph/cmd/alpha" name="TestSchemaMutation" time="0.07"></testcase>
    <testcase classname="github.com/dgraph-io/dgraph/v25/dgraph/cmd/alpha" name="TestSchemaMutation1" time="0.9"></testcase>
    <testcase classname="github.com/dgraph-io/dgraph/v25/dgraph/cmd/alpha" name="TestSchemaMutation2Error" time="0"></testcase>
    <testcase classname="github.com/dgraph-io/dgraph/v25/dgraph/cmd/alpha" name="TestSchemaMutation3Error" time="0"></testcase>
    <testcase classname="github.com/dgraph-io/dgraph/v25/dgraph/cmd/alpha" name="TestMutationSingleUid" time="0.01"></testcase>
    <testcase classname="github.com/dgraph-io/dgraph/v25/dgraph/cmd/alpha" name="TestSchemaMutationUidError1" time="0.03"></testcase>
    <testcase classname="github.com/dgraph-io/dgraph/v25/dgraph/cmd/alpha" name="TestSchemaMutationIndexAdd" time="2.009"></testcase>
    <testcase classname="github.com/dgraph-io/dgraph/v25/dgraph/cmd/alpha" name="TestSchemaMutationIndexRemove" time="0.02"></testcase>
    <testcase classname="github.com/dgraph-io/dgraph/v25/dgraph/cmd/alpha" name="TestSchemaMutationReverseAdd" time="2.009"></testcase>
    <testcase classname="github.com/dgraph-io/dgraph/v25/dgraph/cmd/alpha" name="TestSchemaMutationReverseRemove" time="0.03"></testcase>
    <testcase classname="github.com/dgraph-io/dgraph/v25/dgraph/cmd/alpha" name="TestSchemaMutationCountAdd" time="2.02"></testcase>
    <testcase classname="github.com/dgraph-io/dgraph/v25/dgraph/cmd/alpha" name="TestJsonMutation" time="0.09"></testcase>
    <testcase classname="github.com/dgraph-io/dgraph/v25/dgraph/cmd/alpha" name="TestJsonMutationNumberParsing" time="0.67"></testcase>
    <testcase classname="github.com/dgraph-io/dgraph/v25/dgraph/cmd/alpha" name="TestDeleteAll" time="0.03"></testcase>
    <testcase classname="github.com/dgraph-io/dgraph/v25/dgraph/cmd/alpha" name="TestDeleteAllSP1" time="0"></testcase>
    <testcase classname="github.com/dgraph-io/dgraph/v25/dgraph/cmd/alpha" name="TestSchemaValidationError" time="0"></testcase>
    <testcase classname="github.com/dgraph-io/dgraph/v25/dgraph/cmd/alpha" name="TestMutationError" time="0"></testcase>
    <testcase classname="github.com/dgraph-io/dgraph/v25/dgraph/cmd/alpha" name="TestSchemaMutation4Error" time="0.01"></testcase>
    <testcase classname="github.com/dgraph-io/dgraph/v25/dgraph/cmd/alpha" name="TestSchemaMutation5Error" time="0.01"></testcase>
    <testcase classname="github.com/dgraph-io/dgraph/v25/dgraph/cmd/alpha" name="TestMultipleValues" time="1.01"></testcase>
    <testcase classname="github.com/dgraph-io/dgraph/v25/dgraph/cmd/alpha" name="TestListTypeSchemaChange" time="0.12"></testcase>
    <testcase classname="github.com/dgraph-io/dgraph/v25/dgraph/cmd/alpha" name="TestDeleteAllSP2" time="0.88"></testcase>
    <testcase classname="github.com/dgraph-io/dgraph/v25/dgraph/cmd/alpha" name="TestDeleteScalarValue" time="2.04"></testcase>
    <testcase classname="github.com/dgraph-io/dgraph/v25/dgraph/cmd/alpha" name="TestDeleteValueLang" time="0.02"></testcase>
    <testcase classname="github.com/dgraph-io/dgraph/v25/dgraph/cmd/alpha" name="TestDropAll" time="2.12"></testcase>
    <testcase classname="github.com/dgraph-io/dgraph/v25/dgraph/cmd/alpha" name="TestIllegalCountInQueryFn" time="0.01"></testcase>
    <testcase classname="github.com/dgraph-io/dgraph/v25/dgraph/cmd/alpha" name="TestJsonUnicode" time="0.81"></testcase>
    <testcase classname="github.com/dgraph-io/dgraph/v25/dgraph/cmd/alpha" name="TestGrpcCompressionSupport" time="0.08"></testcase>
    <testcase classname="github.com/dgraph-io/dgraph/v25/dgraph/cmd/alpha" name="TestTypeMutationAndQuery" time="0.07"></testcase>
    <testcase classname="github.com/dgraph-io/dgraph/v25/dgraph/cmd/alpha" name="TestIPStringParsing" time="0.02"></testcase>
    <testcase classname="github.com/dgraph-io/dgraph/v25/dgraph/cmd/alpha" name="TestJSONQueryWithVariables" time="0.82"></testcase>
    <testcase classname="github.com/dgraph-io/dgraph/v25/dgraph/cmd/alpha" name="TestGeoDataInvalidString" time="0.09"></testcase>
    <testcase classname="github.com/dgraph-io/dgraph/v25/dgraph/cmd/alpha" name="TestGeoCorruptData" time="0.07"></testcase>
    <testcase classname="github.com/dgraph-io/dgraph/v25/dgraph/cmd/alpha" name="TestGeoValidWkbData" time="0.07"></testcase>
    <testcase classname="github.com/dgraph-io/dgraph/v25/dgraph/cmd/alpha" name="TestWithConditionallyPrunedMutations" time="0.82"></testcase>
    <testcase classname="github.com/dgraph-io/dgraph/v25/dgraph/cmd/alpha" name="TestTxnRead1" time="0.09"></testcase>
    <testcase classname="github.com/dgraph-io/dgraph/v25/dgraph/cmd/alpha" name="TestTxnRead2" time="0"></testcase>
    <testcase classname="github.com/dgraph-io/dgraph/v25/dgraph/cmd/alpha" name="TestTxnRead3" time="0.01"></testcase>
    <testcase classname="github.com/dgraph-io/dgraph/v25/dgraph/cmd/alpha" name="TestTxnRead4" time="0"></testcase>
    <testcase classname="github.com/dgraph-io/dgraph/v25/dgraph/cmd/alpha" name="TestTxnRead5" time="0"></testcase>
    <testcase classname="github.com/dgraph-io/dgraph/v25/dgraph/cmd/alpha" name="TestConflict" time="0.07"></testcase>
    <testcase classname="github.com/dgraph-io/dgraph/v25/dgraph/cmd/alpha" name="TestConflictTimeout" time="0"></testcase>
    <testcase classname="github.com/dgraph-io/dgraph/v25/dgraph/cmd/alpha" name="TestConflictTimeout2" time="0"></testcase>
    <testcase classname="github.com/dgraph-io/dgraph/v25/dgraph/cmd/alpha" name="TestIgnoreIndexConflict" time="0.07"></testcase>
    <testcase classname="github.com/dgraph-io/dgraph/v25/dgraph/cmd/alpha" name="TestReadIndexKeySameTxn" time="0.06"></testcase>
    <testcase classname="github.com/dgraph-io/dgraph/v25/dgraph/cmd/alpha" name="TestEmailUpsert" time="0.07"></testcase>
    <testcase classname="github.com/dgraph-io/dgraph/v25/dgraph/cmd/alpha" name="TestFriendList" time="0.7"></testcase>
    <testcase classname="github.com/dgraph-io/dgraph/v25/dgraph/cmd/alpha" name="TestNameSet" time="0.07"></testcase>
    <testcase classname="github.com/dgraph-io/dgraph/v25/dgraph/cmd/alpha" name="TestSPStar" time="0.07"></testcase>
    <testcase classname="github.com/dgraph-io/dgraph/v25/dgraph/cmd/alpha" name="TestSPStar2" time="0.07"></testcase>
    <testcase classname="github.com/dgraph-io/dgraph/v25/dgraph/cmd/alpha" name="TestCountIndexConcurrentTxns" time="0.68"></testcase>
    <testcase classname="github.com/dgraph-io/dgraph/v25/dgraph/cmd/alpha" name="TestCountIndexSerialTxns" time="0.1"></testcase>
    <testcase classname="github.com/dgraph-io/dgraph/v25/dgraph/cmd/alpha" name="TestCountIndexSameTxn" time="0.07"></testcase>
    <testcase classname="github.com/dgraph-io/dgraph/v25/dgraph/cmd/alpha" name="TestConcurrentQueryMutate" time="5.07"></testcase>
    <testcase classname="github.com/dgraph-io/dgraph/v25/dgraph/cmd/alpha" name="TestTxnDiscardBeforeCommit" time="0.07"></testcase>
    <testcase classname="github.com/dgraph-io/dgraph/v25/dgraph/cmd/alpha" name="TestUpsertExample0" time="0.07"></testcase>
    <testcase classname="github.com/dgraph-io/dgraph/v25/dgraph/cmd/alpha" name="TestUpsertNoCloseBracketRDF" time="0.68"></testcase>
    <testcase classname="github.com/dgraph-io/dgraph/v25/dgraph/cmd/alpha" name="TestUpsertNoCloseBracketJSON" time="0.09"></testcase>
    <testcase classname="github.com/dgraph-io/dgraph/v25/dgraph/cmd/alpha" name="TestUpsertExampleJSON" time="0.07"></testcase>
    <testcase classname="github.com/dgraph-io/dgraph/v25/dgraph/cmd/alpha" name="TestUpsertExample0JSON" time="2.08"></testcase>
    <testcase classname="github.com/dgraph-io/dgraph/v25/dgraph/cmd/alpha" name="TestUpsertNoVarErr" time="0.09"></testcase>
    <testcase classname="github.com/dgraph-io/dgraph/v25/dgraph/cmd/alpha" name="TestUpsertWithFragment" time="0.07"></testcase>
    <testcase classname="github.com/dgraph-io/dgraph/v25/dgraph/cmd/alpha" name="TestUpsertInvalidErr" time="0.06"></testcase>
    <testcase classname="github.com/dgraph-io/dgraph/v25/dgraph/cmd/alpha" name="TestUpsertUndefinedVarErr" time="0.06"></testcase>
    <testcase classname="github.com/dgraph-io/dgraph/v25/dgraph/cmd/alpha" name="TestUpsertUnusedVarErr" time="0.07"></testcase>
    <testcase classname="github.com/dgraph-io/dgraph/v25/dgraph/cmd/alpha" name="TestUpsertExampleNode" time="0.38"></testcase>
    <testcase classname="github.com/dgraph-io/dgraph/v25/dgraph/cmd/alpha" name="TestUpsertExampleEdge" time="0.1"></testcase>
    <testcase classname="github.com/dgraph-io/dgraph/v25/dgraph/cmd/alpha" name="TestUpsertExampleNodeJSON" time="0.07"></testcase>
    <testcase classname="github.com/dgraph-io/dgraph/v25/dgraph/cmd/alpha" name="TestUpsertExampleEdgeJSON" time="0.07"></testcase>
    <testcase classname="github.com/dgraph-io/dgraph/v25/dgraph/cmd/alpha" name="TestUpsertBlankNodeWithVar" time="0.07"></testcase>
    <testcase classname="github.com/dgraph-io/dgraph/v25/dgraph/cmd/alpha" name="TestUpsertParallel" time="0.27"></testcase>
    <testcase classname="github.com/dgraph-io/dgraph/v25/dgraph/cmd/alpha" name="TestUpsertDeleteNonExistent" time="0.06"></testcase>
    <testcase classname="github.com/dgraph-io/dgraph/v25/dgraph/cmd/alpha" name="TestConditionalUpsertExample0" time="0.07"></testcase>
    <testcase classname="github.com/dgraph-io/dgraph/v25/dgraph/cmd/alpha" name="TestConditionalUpsertExample0JSON" time="0.07"></testcase>
    <testcase classname="github.com/dgraph-io/dgraph/v25/dgraph/cmd/alpha" name="TestUpsertMultiValue" time="1.19"></testcase>
    <testcase classname="github.com/dgraph-io/dgraph/v25/dgraph/cmd/alpha" name="TestUpsertMultiValueEdge" time="0.1"></testcase>
    <testcase classname="github.com/dgraph-io/dgraph/v25/dgraph/cmd/alpha" name="TestUpsertEdgeWithBlankNode" time="0.07"></testcase>
    <testcase classname="github.com/dgraph-io/dgraph/v25/dgraph/cmd/alpha" name="TestConditionalUpsertWithFilterErr" time="0.07"></testcase>
    <testcase classname="github.com/dgraph-io/dgraph/v25/dgraph/cmd/alpha" name="TestConditionalUpsertMissingAtErr" time="0.07"></testcase>
    <testcase classname="github.com/dgraph-io/dgraph/v25/dgraph/cmd/alpha" name="TestConditionalUpsertDoubleIfErr" time="0.09"></testcase>
    <testcase classname="github.com/dgraph-io/dgraph/v25/dgraph/cmd/alpha" name="TestConditionalUpsertMissingRightRoundErr" time="0.07"></testcase>
    <testcase classname="github.com/dgraph-io/dgraph/v25/dgraph/cmd/alpha" name="TestUpsertDeleteOnlyYourPost" time="0.58"></testcase>
    <testcase classname="github.com/dgraph-io/dgraph/v25/dgraph/cmd/alpha" name="TestUpsertMultiTypeUpdate" time="0.95"></testcase>
    <testcase classname="github.com/dgraph-io/dgraph/v25/dgraph/cmd/alpha" name="TestUpsertWithValueVar" time="0.1"></testcase>
    <testcase classname="github.com/dgraph-io/dgraph/v25/dgraph/cmd/alpha" name="TestValInSubject" time="0"></testcase>
    <testcase classname="github.com/dgraph-io/dgraph/v25/dgraph/cmd/alpha" name="TestUpperCaseFunctionErrorMsg" time="0"></testcase>
    <testcase classname="github.com/dgraph-io/dgraph/v25/dgraph/cmd/alpha" name="TestBigFloat" time="0.07"></testcase>
    <testcase classname="github.com/dgraph-io/dgraph/v25/dgraph/cmd/alpha" name="TestBigFloatInvalidInput" time="0.07"></testcase>
    <testcase classname="github.com/dgraph-io/dgraph/v25/dgraph/cmd/alpha" name="TestUpsertSanityCheck" time="0.07"></testcase>
    <testcase classname="github.com/dgraph-io/dgraph/v25/dgraph/cmd/alpha" name="TestUpsertDeleteWrongValue" time="0.07"></testcase>
    <testcase classname="github.com/dgraph-io/dgraph/v25/dgraph/cmd/alpha" name="TestUpsertDeleteRightValue" time="0.07"></testcase>
    <testcase classname="github.com/dgraph-io/dgraph/v25/dgraph/cmd/alpha" name="TestUpsertBulkUpdateValue" time="0.07"></testcase>
    <testcase classname="github.com/dgraph-io/dgraph/v25/dgraph/cmd/alpha" name="TestAggregateValBulkUpdate" time="0.07"></testcase>
    <testcase classname="github.com/dgraph-io/dgraph/v25/dgraph/cmd/alpha" name="TestUpsertEmptyUID" time="0.08"></testcase>
    <testcase classname="github.com/dgraph-io/dgraph/v25/dgraph/cmd/alpha" name="TestUpsertBulkUpdateBranch" time="0.07"></testcase>
    <testcase classname="github.com/dgraph-io/dgraph/v25/dgraph/cmd/alpha" name="TestDeleteCountIndex" time="0.27"></testcase>
    <testcase classname="github.com/dgraph-io/dgraph/v25/dgraph/cmd/alpha" name="TestUpsertVarOnlyUsedInQuery" time="0.09"></testcase>
    <testcase classname="github.com/dgraph-io/dgraph/v25/dgraph/cmd/alpha" name="TestEmptyRequest" time="0.06"></testcase>
    <testcase classname="github.com/dgraph-io/dgraph/v25/dgraph/cmd/alpha" name="TestMutationAndQueryButNoUpsert" time="0.07"></testcase>
    <testcase classname="github.com/dgraph-io/dgraph/v25/dgraph/cmd/alpha" name="TestMultipleMutation" time="0.07"></testcase>
    <testcase classname="github.com/dgraph-io/dgraph/v25/dgraph/cmd/alpha" name="TestMultiMutationWithoutIf" time="0.07"></testcase>
    <testcase classname="github.com/dgraph-io/dgraph/v25/dgraph/cmd/alpha" name="TestMultiMutationCount" time="0.69"></testcase>
    <testcase classname="github.com/dgraph-io/dgraph/v25/dgraph/cmd/alpha" name="TestMultipleMutationMerge" time="0.09"></testcase>
    <testcase classname="github.com/dgraph-io/dgraph/v25/dgraph/cmd/alpha" name="TestJsonOldAndNewAPI" time="0.07"></testcase>
    <testcase classname="github.com/dgraph-io/dgraph/v25/dgraph/cmd/alpha" name="TestJsonNewAPI" time="0.07"></testcase>
    <testcase classname="github.com/dgraph-io/dgraph/v25/dgraph/cmd/alpha" name="TestUpsertMultiValueJson" time="0.07"></testcase>
    <testcase classname="github.com/dgraph-io/dgraph/v25/dgraph/cmd/alpha" name="TestValVarWithBlankNode" time="0.76"></testcase>
    <testcase classname="github.com/dgraph-io/dgraph/v25/dgraph/cmd/alpha" name="TestLargeStringIndex" time="2.15"></testcase>
    <testcase classname="github.com/dgraph-io/dgraph/v25/dgraph/cmd/alpha" name="TestDQLInjectionViaCondField" time="0.81"></testcase>
    <testcase classname="github.com/dgraph-io/dgraph/v25/dgraph/cmd/alpha" name="TestStringWithQuote" time="0.09"></testcase>
    <properties>
      <property name="go.version" value="go1.26.3 darwin/arm64"></property>
    </properties>
  </testsuite>
</testsuites>